    \Filament\Forms\Components\DatePicker::make('birthday'),