    \Filament\Forms\Components\TextInput::make('foo'),