    \Filament\Forms\Components\Select::make('status')
        ->options(\Workbench\App\Values\TestEnum::class),