    \Filament\Forms\Components\Textarea::make('meta')
        ->formatStateUsing(fn ($state) => json_encode($state))
        ->json(),