    \Filament\Forms\Components\Textarea::make('test'),