    \Filament\Forms\Components\KeyValue::make('title'),