    \Filament\Forms\Components\DatePicker::make('created_at'),