    Select::make('test')
        ->relationship('user', 'id')
        ->searchable(),