    \Filament\Forms\Components\Checkbox::make('test'),