    \Filament\Forms\Components\TextInput::make('count')
        ->numeric(),